pipewire
pipewire-alsa
pipewire-audio
pipewire-jack
pipewire-pulse
gst-plugin-pipewire
wireplumber
pavucontrol
pamixer
networkmanager
network-manager-applet
bluez
bluez-utils
blueman
brightnessctl
jq
npm
ripgrep
lm_sensors
udiskie
amd-ucode
grub-btrfs
mesa
lib32-mesa 
vulkan-radeon 
lib32-vulkan-radeon 
libva-mesa-driver
lib32-libva-mesa-driver 
vulkan-mesa-layers 
opencl-rusticl-mesa 
lib32-opencl-rusticl-mesa
qt5-quickcontrols
qt5-quickcontrols2
qt5-graphicaleffects
hyprland
hypridle
hyprlock
hyprpaper
dunst
rofi-wayland
polkit-gnome
xdg-desktop-portal-hyprland
pacman-contrib
parallel
jq
qt5-imageformats
libnotify
xorg-xhost
ttf-nerd-fonts-symbols
noto-fonts-emoji
nwg-look
sddm
qt5ct
qt6ct
kvantum
kvantum-qt5
qt5-wayland
qt6-wayland
xdg-desktop-portal-gtk
ttf-liberation
waybar
cliphist
earlyoom
util-linux
fzf
eza
netcat
vinagre #rdp_client
gedit
dnsmasq #for virt-manager
tlp
tlp-rdw
unzip

docker
docker-compose
docker-buildx
virt-manager 
libvirt
qemu-base
starship
freerdp
neovim

remmina
stow
gnome-calculator
kooha
obsidian
timeshift
inotify-tools
firefox
kitty
thunar
thunar-archive-plugin 
thunar-volman
gvfs
file-roller
vim
telegram-desktop
fish
fastfetch
qbittorrent
obs-studio
slurp
grim
wl-clipboard
satty
kooha
mission-center
